// Jest Snapshot v1, https://goo.gl/fbAQLP

exports[`<NewcomerPage /> should render and match the snapshot 1`] = `
<h1>
  <span>
    This is the NewcomerPage container!
  </span>
</h1>
`;
