// Jest Snapshot v1, https://goo.gl/fbAQLP

exports[`<GalleryPage /> should render and match the snapshot 1`] = `
<h1>
  <span>
    This is the GalleryPage container!
  </span>
</h1>
`;
