// Jest Snapshot v1, https://goo.gl/fbAQLP

exports[`<SermonPage /> should render and match the snapshot 1`] = `
<h1>
  <span>
    This is the SermonPage container!
  </span>
</h1>
`;
