// Jest Snapshot v1, https://goo.gl/fbAQLP

exports[`<AboutPage /> should render and match the snapshot 1`] = `
<h1>
  <span>
    This is the AboutPage container!
  </span>
</h1>
`;
